PASS: authority=a1 mode=http-gen stages 5/5, results compared 8704; report /home/ubuntu/refresh2/reports/a1-http-gen.json
PASS: authority=a2 mode=http-gen stages 5/5, results compared 8704; report /home/ubuntu/refresh2/reports/a2-ifox-iewl-http-gen.json
PASS: authority=a3 mode=http-gen stages 5/5, results compared 8704; report /home/ubuntu/refresh2/reports/a3-ifox-iewl-http-gen.json
PASS: authority=a2 mode=http-gen stages 5/5, results compared 8704; report /home/ubuntu/refresh2/reports/a2-as370-iewl-http-gen.json
PASS: authority=a3 mode=http-gen stages 5/5, results compared 8704; report /home/ubuntu/refresh2/reports/a3-as370-iewl-http-gen.json
PASS: authority=a2 mode=http-gen stages 5/5, results compared 8704; report /home/ubuntu/refresh2/reports/a2-as370-ld370-http-gen.json
PASS: authority=a3 mode=http-gen stages 5/5, results compared 8704; report /home/ubuntu/refresh2/reports/a3-as370-ld370-http-gen.json
interest-tie: AUTHORITY REJECTED (interest-tie: guest receipt is for another case/kind) -> FAIL
quotient-over: AUTHORITY REJECTED (quotient-over: guest receipt is for another case/kind) -> FAIL
cash-max-boundary: AUTHORITY REJECTED (cash-max-boundary: guest receipt is for another case/kind) -> FAIL
charge-tie: AUTHORITY REJECTED (charge-tie: guest receipt is for another case/kind) -> FAIL
date-bounds: AUTHORITY REJECTED (date-bounds: guest receipt is for another case/kind) -> FAIL
age-rate-bands: AUTHORITY REJECTED (age-rate-bands: guest receipt is for another case/kind) -> FAIL
packed-signs: AUTHORITY REJECTED (packed-signs: guest receipt is for another case/kind) -> FAIL
malformed: AUTHORITY REJECTED (malformed: guest receipt is for another case/kind) -> FAIL
sequence-matrix: AUTHORITY REJECTED (sequence-matrix: guest receipt is for another case/kind) -> FAIL
funds-ops: AUTHORITY REJECTED (funds-ops: guest receipt is for another case/kind) -> FAIL
empty-txnin: AUTHORITY REJECTED (empty-txnin: guest receipt is for another case/kind) -> FAIL
empty-polin: AUTHORITY REJECTED (empty-polin: guest receipt is for another case/kind) -> FAIL
control-master-loan-over-cash: AUTHORITY REJECTED (control-master-loan-over-cash: guest receipt is for another case/kind) -> FAIL
control-master-unordered: AUTHORITY REJECTED (control-master-unordered: guest receipt is for another case/kind) -> FAIL
control-master-duplicate: AUTHORITY REJECTED (control-master-duplicate: guest receipt is for another case/kind) -> FAIL
control-master-513: AUTHORITY REJECTED (control-master-513: guest receipt is for another case/kind) -> FAIL
FAIL: mode=http-gen cases 0/16, results compared 0; report /home/ubuntu/refresh2/reports/a3-targeted-http-gen.json
PASS: authority=a1 mode=http-json stages 5/5, results compared 8704, typed 7424/8704 (raw fallback 1280); report /home/ubuntu/refresh2/reports/a1-http-json.json
PASS: authority=a2 mode=http-json stages 5/5, results compared 8704, typed 7424/8704 (raw fallback 1280); report /home/ubuntu/refresh2/reports/a2-ifox-iewl-http-json.json
PASS: authority=a3 mode=http-json stages 5/5, results compared 8704, typed 7424/8704 (raw fallback 1280); report /home/ubuntu/refresh2/reports/a3-ifox-iewl-http-json.json
PASS: authority=a2 mode=http-json stages 5/5, results compared 8704, typed 7424/8704 (raw fallback 1280); report /home/ubuntu/refresh2/reports/a2-as370-iewl-http-json.json
PASS: authority=a3 mode=http-json stages 5/5, results compared 8704, typed 7424/8704 (raw fallback 1280); report /home/ubuntu/refresh2/reports/a3-as370-iewl-http-json.json
PASS: authority=a2 mode=http-json stages 5/5, results compared 8704, typed 7424/8704 (raw fallback 1280); report /home/ubuntu/refresh2/reports/a2-as370-ld370-http-json.json
PASS: authority=a3 mode=http-json stages 5/5, results compared 8704, typed 7424/8704 (raw fallback 1280); report /home/ubuntu/refresh2/reports/a3-as370-ld370-http-json.json
interest-tie: AUTHORITY REJECTED (interest-tie: guest receipt is for another case/kind) -> FAIL
quotient-over: AUTHORITY REJECTED (quotient-over: guest receipt is for another case/kind) -> FAIL
cash-max-boundary: AUTHORITY REJECTED (cash-max-boundary: guest receipt is for another case/kind) -> FAIL
charge-tie: AUTHORITY REJECTED (charge-tie: guest receipt is for another case/kind) -> FAIL
date-bounds: AUTHORITY REJECTED (date-bounds: guest receipt is for another case/kind) -> FAIL
age-rate-bands: AUTHORITY REJECTED (age-rate-bands: guest receipt is for another case/kind) -> FAIL
packed-signs: AUTHORITY REJECTED (packed-signs: guest receipt is for another case/kind) -> FAIL
malformed: AUTHORITY REJECTED (malformed: guest receipt is for another case/kind) -> FAIL
sequence-matrix: AUTHORITY REJECTED (sequence-matrix: guest receipt is for another case/kind) -> FAIL
funds-ops: AUTHORITY REJECTED (funds-ops: guest receipt is for another case/kind) -> FAIL
empty-txnin: AUTHORITY REJECTED (empty-txnin: guest receipt is for another case/kind) -> FAIL
empty-polin: AUTHORITY REJECTED (empty-polin: guest receipt is for another case/kind) -> FAIL
control-master-loan-over-cash: AUTHORITY REJECTED (control-master-loan-over-cash: guest receipt is for another case/kind) -> FAIL
control-master-unordered: AUTHORITY REJECTED (control-master-unordered: guest receipt is for another case/kind) -> FAIL
control-master-duplicate: AUTHORITY REJECTED (control-master-duplicate: guest receipt is for another case/kind) -> FAIL
control-master-513: AUTHORITY REJECTED (control-master-513: guest receipt is for another case/kind) -> FAIL
FAIL: mode=http-json cases 0/16, results compared 0; report /home/ubuntu/refresh2/reports/a3-targeted-http-json.json
