JOB00167 INSTRANS: C001=0000 C002=0000
JOB00168 INSRUN: RUN=0000
JOB00169 INSTRANS: C001=0000 C002=0000
interest-tie: RUN RC=0 statuses=['OKAY', 'OKAY', 'OKAY']
JOB00170 INSTRANS: C001=0000 C002=0000
JOB00171 INSRUN: RUN=0000
JOB00172 INSTRANS: C001=0000 C002=0000
quotient-over: RUN RC=0 statuses=['OVER', 'OVER', 'OKAY']
JOB00173 INSTRANS: C001=0000 C002=0000
JOB00174 INSRUN: RUN=0000
JOB00175 INSTRANS: C001=0000 C002=0000
cash-max-boundary: RUN RC=0 statuses=['OKAY', 'OKAY', 'OVER']
JOB00176 INSTRANS: C001=0000 C002=0000
JOB00177 INSRUN: RUN=0000
JOB00178 INSTRANS: C001=0000 C002=0000
charge-tie: RUN RC=0 statuses=['OKAY', 'OKAY', 'OKAY', 'OKAY', 'OKAY']
JOB00179 INSTRANS: C001=0000 C002=0000
JOB00180 INSRUN: RUN=0000
JOB00181 INSTRANS: C001=0000 C002=0000
date-bounds: RUN RC=0 statuses=['OKAY', 'OKAY', 'DATE', 'DATE', 'OKAY', 'OKAY', 'DATE', 'DATE', 'DATE', 'DATE', 'DATE', 'DATE', 'OKAY']
JOB00182 INSTRANS: C001=0000 C002=0000
JOB00183 INSRUN: RUN=0000
JOB00184 INSTRANS: C001=0000 C002=0000
age-rate-bands: RUN RC=0 statuses=['OKAY', 'OKAY', 'OKAY', 'OKAY', 'OKAY', 'OKAY', 'OKAY', 'OKAY', 'OKAY', 'OKAY']
JOB00185 INSTRANS: C001=0000 C002=0000
JOB00186 INSRUN: RUN=0000
JOB00187 INSTRANS: C001=0000 C002=0000
packed-signs: RUN RC=0 statuses=['OKAY', 'OKAY', 'DUPL', 'CNFL', 'OKAY', 'NEGA', 'OKAY']
JOB00188 INSTRANS: C001=0000 C002=0000
JOB00189 INSRUN: RUN=0000
JOB00190 INSTRANS: C001=0000 C002=0000
malformed: RUN RC=0 statuses=['PACK', 'PACK', 'PACK', 'FORM', 'FORM', 'TYPE', 'TYPE', 'AMNT', 'AMNT', 'FORM', 'PACK', 'NEGA', 'OVER', 'DATE', 'TYPE']
JOB00191 INSTRANS: C001=0000 C002=0000
JOB00192 INSRUN: RUN=0000
JOB00193 INSTRANS: C001=0000 C002=0000
sequence-matrix: RUN RC=0 statuses=['ORDR', 'ORDR', 'OKAY', 'DUPL', 'CNFL', 'CNFL', 'ORDR', 'OKAY', 'ORDR', 'DATE', 'OKAY', 'NPOL', 'NPOL']
JOB00194 INSTRANS: C001=0000 C002=0000
JOB00195 INSRUN: RUN=0000
JOB00196 INSTRANS: C001=0000 C002=0000
funds-ops: RUN RC=0 statuses=['FUND', 'FUND', 'OKAY', 'FUND', 'FUND', 'OKAY', 'OKAY', 'OKAY', 'OKAY', 'OVER', 'OKAY']
JOB00197 INSTRANS: C001=0000 C002=0000
JOB00198 INSRUN: RUN=0000
JOB00199 INSTRANS: C001=0000 C002=0000
empty-txnin: RUN RC=0 statuses=[]
JOB00200 INSTRANS: C001=0000 C002=0000
JOB00201 INSRUN: RUN=0000
JOB00202 INSTRANS: C001=0000 C002=0000
empty-polin: RUN RC=0 statuses=['NPOL', 'NPOL', 'NPOL']
JOB00203 INSTRANS: C001=0000 C002=0000
JOB00204 INSRUN: RUN=0012
REJECTED: RUN: expected one RC=0, found [12]
REJECTED: RUN: nonzero RC=0012
JOB00205 INSTRANS: C001=0000 C002=0000
control-master-loan-over-cash: RUN RC=12 statuses=[]
JOB00206 INSTRANS: C001=0000 C002=0000
JOB00207 INSRUN: RUN=0012
REJECTED: RUN: expected one RC=0, found [12]
REJECTED: RUN: nonzero RC=0012
JOB00208 INSTRANS: C001=0000 C002=0000
control-master-unordered: RUN RC=12 statuses=[]
JOB00209 INSTRANS: C001=0000 C002=0000
JOB00210 INSRUN: RUN=0012
REJECTED: RUN: expected one RC=0, found [12]
REJECTED: RUN: nonzero RC=0012
JOB00211 INSTRANS: C001=0000 C002=0000
control-master-duplicate: RUN RC=12 statuses=[]
JOB00212 INSTRANS: C001=0000 C002=0000
JOB00213 INSRUN: RUN=0012
REJECTED: RUN: expected one RC=0, found [12]
REJECTED: RUN: nonzero RC=0012
JOB00214 INSTRANS: C001=0000 C002=0000
control-master-513: RUN RC=12 statuses=[]
